// Jest Snapshot v1, https://goo.gl/fbAQLP

exports[`Check list of all Check clean all list from scully 1`] = `
<!DOCTYPE html>
<html lang="en">
  <head>
    <meta name="generator">
    <meta charset="utf-8">
    <title>
      sample-blog
    </title>
    <base href="/">
    <meta name="viewport"
          content="width=device-width, initial-scale=1"
    >
    <link rel="icon"
          type="image/x-icon"
          href="favicon.ico"
    >
    <link rel="stylesheet"
          href="//cdnjs.cloudflare.com/ajax/libs/highlight.js/9.18.1/styles/default.min.css"
    >
    <link rel="stylesheet"
          href="styles.css"
    >
  </head>
  <body>
    <app-root class="foo">
    </app-root>
  </body>
</html>
`;
